✖ all retains order and every book (2.514916ms)
✔ status filters without mutating source (0.209917ms)
ℹ tests 2
ℹ suites 0
ℹ pass 1
ℹ fail 1
ℹ cancelled 0
ℹ skipped 0
ℹ todo 0
ℹ duration_ms 69.361334

✖ failing tests:

test at app/filter.test.mjs:5:1
✖ all retains order and every book (2.514916ms)
  AssertionError [ERR_ASSERTION]: Expected values to be strictly deep-equal:
  + actual - expected

  + []
  - [
  -   {
  -     status: 'reading',
  -     title: 'A'
  -   },
  -   {
  -     status: 'planned',
  -     title: 'B'
  -   }
  - ]

      at TestContext.<anonymous> (file:///DISPOSABLE_FIXTURE/app/filter.test.mjs:5:55)
      at Test.runInAsyncScope (node:async_hooks:227:14)
      at Test.run (node:internal/test_runner/test:1325:25)
      at Test.start (node:internal/test_runner/test:1191:17)
      at startSubtestAfterBootstrap (node:internal/test_runner/harness:385:17) {
    generatedMessage: true,
    code: 'ERR_ASSERTION',
    actual: [],
    expected: [ { title: 'A', status: 'reading' }, { title: 'B', status: 'planned' } ],
    operator: 'deepStrictEqual',
    diff: 'simple'
  }
