✖ a commentary message followed by work is not a terminal native response (1.385375ms)
✖ collection failure preserves already observed native accounting and blocks readiness (4.749584ms)
✖ staging unchanged working bytes invalidates frozen resumption attribution (119.938333ms)
ℹ tests 3
ℹ suites 0
ℹ pass 0
ℹ fail 3
ℹ cancelled 0
ℹ skipped 0
ℹ todo 0
ℹ duration_ms 211.422084

✖ failing tests:

test at tests/native-maintenance.test.mjs:21:1
✖ a commentary message followed by work is not a terminal native response (1.385375ms)
  AssertionError [ERR_ASSERTION]: Expected values to be strictly equal:
  
  true !== false
  
      at TestContext.<anonymous> (file://<SOURCE_CHECKOUT>/tests/native-maintenance.test.mjs:22:10)
      at Test.runInAsyncScope (node:async_hooks:227:14)
      at Test.run (node:internal/test_runner/test:1325:25)
      at Test.start (node:internal/test_runner/test:1191:17)
      at startSubtestAfterBootstrap (node:internal/test_runner/harness:385:17) {
    generatedMessage: true,
    code: 'ERR_ASSERTION',
    actual: true,
    expected: false,
    operator: 'strictEqual',
    diff: 'simple'
  }

test at tests/native-maintenance.test.mjs:28:1
✖ collection failure preserves already observed native accounting and blocks readiness (4.749584ms)
  Error: EEXIST: file already exists, open '<TEMP_FIXTURE>/private/readiness.jsonl'
      at Object.openSync (node:fs:561:18)
      at Object.writeFileSync (node:fs:2436:35)
      at retainMaintenanceOutput (file://<SOURCE_CHECKOUT>/scripts/native-maintenance.mjs:285:6)
      at TestContext.<anonymous> (file://<SOURCE_CHECKOUT>/tests/native-maintenance.test.mjs:33:20)
      at Test.runInAsyncScope (node:async_hooks:227:14)
      at Test.run (node:internal/test_runner/test:1325:25)
      at Test.processPendingSubtests (node:internal/test_runner/test:911:18)
      at Test.postRun (node:internal/test_runner/test:1465:19)
      at Test.run (node:internal/test_runner/test:1390:12)
      at async startSubtestAfterBootstrap (node:internal/test_runner/harness:385:3) {
    errno: -17,
    code: 'EEXIST',
    syscall: 'open',
    path: '<TEMP_FIXTURE>/private/readiness.jsonl'
  }

test at tests/native-maintenance.test.mjs:45:1
✖ staging unchanged working bytes invalidates frozen resumption attribution (119.938333ms)
  AssertionError [ERR_ASSERTION]: Missing expected exception.
      at TestContext.<anonymous> (file://<SOURCE_CHECKOUT>/tests/native-maintenance.test.mjs:57:10)
      at Test.runInAsyncScope (node:async_hooks:227:14)
      at Test.run (node:internal/test_runner/test:1325:25)
      at Test.processPendingSubtests (node:internal/test_runner/test:911:18)
      at Test.postRun (node:internal/test_runner/test:1465:19)
      at Test.run (node:internal/test_runner/test:1390:12)
      at async Test.processPendingSubtests (node:internal/test_runner/test:911:7) {
    generatedMessage: false,
    code: 'ERR_ASSERTION',
    actual: undefined,
    expected: /Git attribution changed/,
    operator: 'throws',
    diff: 'simple'
  }
