✖ a request may consume the last available units (0.535625ms)
✔ rejected requests preserve stock (0.239792ms)
ℹ tests 2
ℹ suites 0
ℹ pass 1
ℹ fail 1
ℹ cancelled 0
ℹ skipped 0
ℹ todo 0
ℹ duration_ms 65.693333

✖ failing tests:

test at evaluation/method-feedback/control/test/stock.test.mjs:5:1
✖ a request may consume the last available units (0.535625ms)
  Error: INSUFFICIENT_STOCK
      at Object.take (file://[repository]/evaluation/method-feedback/control/src/stock.mjs:8:38)
      at TestContext.<anonymous> (file://[repository]/evaluation/method-feedback/control/test/stock.test.mjs:7:22)
      at Test.runInAsyncScope (node:async_hooks:227:14)
      at Test.run (node:internal/test_runner/test:1325:25)
      at Test.start (node:internal/test_runner/test:1191:17)
      at startSubtestAfterBootstrap (node:internal/test_runner/harness:385:17)
